<?xml version="1.0" encoding="UTF-8" ?>
<testsuites name="vitest tests" tests="134" failures="0" errors="0" time="7.1385144">
    <testsuite name="test/alerts.byid.null.spec.ts" timestamp="2025-10-27T10:01:06.707Z" hostname="LAPTOP-ATIIVP6V" tests="1" failures="0" errors="0" skipped="0" time="0.0089971">
        <testcase classname="test/alerts.byid.null.spec.ts" name="alerts &gt; getAlertById null branch" time="0.0030701">
        </testcase>
    </testsuite>
    <testsuite name="test/alerts.list.generic-500.spec.ts" timestamp="2025-10-27T10:01:06.711Z" hostname="LAPTOP-ATIIVP6V" tests="1" failures="0" errors="0" skipped="0" time="0.165699">
        <testcase classname="test/alerts.list.generic-500.spec.ts" name="alerts list generic error -&gt; 500 &gt; returns 500 when prisma throws" time="0.1575566">
        </testcase>
    </testsuite>
    <testsuite name="test/alerts.spec.ts" timestamp="2025-10-27T10:01:06.712Z" hostname="LAPTOP-ATIIVP6V" tests="1" failures="0" errors="0" skipped="0" time="0.1711716">
        <testcase classname="test/alerts.spec.ts" name="alerts &gt; GET /api/v1/alerts returns array" time="0.1102915">
        </testcase>
    </testsuite>
    <testsuite name="test/badjson.spec.ts" timestamp="2025-10-27T10:01:06.712Z" hostname="LAPTOP-ATIIVP6V" tests="1" failures="0" errors="0" skipped="0" time="0.1743391">
        <testcase classname="test/badjson.spec.ts" name="bad json body -&gt; 400 &gt; POST /api/v1/trucks with invalid JSON" time="0.168362">
        </testcase>
    </testsuite>
    <testsuite name="test/cors.alerts.preflight.spec.ts" timestamp="2025-10-27T10:01:06.713Z" hostname="LAPTOP-ATIIVP6V" tests="1" failures="0" errors="0" skipped="0" time="0.1261634">
        <testcase classname="test/cors.alerts.preflight.spec.ts" name="preflight &gt; OPTIONS /api/v1/alerts -&gt; 200/204 with CORS headers" time="0.1156794">
        </testcase>
    </testsuite>
    <testsuite name="test/cors.health.simple.spec.ts" timestamp="2025-10-27T10:01:06.714Z" hostname="LAPTOP-ATIIVP6V" tests="1" failures="0" errors="0" skipped="0" time="0.108797">
        <testcase classname="test/cors.health.simple.spec.ts" name="CORS on /health simple request &gt; GET /health with Origin sets ACAO" time="0.0967872">
        </testcase>
    </testsuite>
    <testsuite name="test/cors.preflight.spec.ts" timestamp="2025-10-27T10:01:06.715Z" hostname="LAPTOP-ATIIVP6V" tests="1" failures="0" errors="0" skipped="0" time="0.1689445">
        <testcase classname="test/cors.preflight.spec.ts" name="preflight &gt; OPTIONS /api/v1/trucks -&gt; 200/204" time="0.1625926">
        </testcase>
    </testsuite>
    <testsuite name="test/cors.simple.spec.ts" timestamp="2025-10-27T10:01:06.716Z" hostname="LAPTOP-ATIIVP6V" tests="1" failures="0" errors="0" skipped="0" time="0.1127158">
        <testcase classname="test/cors.simple.spec.ts" name="CORS simple request &gt; GET /api/v1/trucks returns CORS headers when Origin present" time="0.1071135">
        </testcase>
    </testsuite>
    <testsuite name="test/health.api.spec.ts" timestamp="2025-10-27T10:01:06.717Z" hostname="LAPTOP-ATIIVP6V" tests="1" failures="0" errors="0" skipped="0" time="0.1501981">
        <testcase classname="test/health.api.spec.ts" name="GET /api/v1/health -&gt; { ok: true }" time="0.1451177">
        </testcase>
    </testsuite>
    <testsuite name="test/health.spec.ts" timestamp="2025-10-27T10:01:06.717Z" hostname="LAPTOP-ATIIVP6V" tests="1" failures="0" errors="0" skipped="0" time="0.1190191">
        <testcase classname="test/health.spec.ts" name="health &gt; GET /health 200" time="0.0778334">
        </testcase>
    </testsuite>
    <testsuite name="test/index.app.spec.ts" timestamp="2025-10-27T10:01:06.718Z" hostname="LAPTOP-ATIIVP6V" tests="1" failures="0" errors="0" skipped="0" time="0.1789059">
        <testcase classname="test/index.app.spec.ts" name="app() init path &gt; creates a Fastify instance and responds /health" time="0.141048">
        </testcase>
    </testsuite>
    <testsuite name="test/index.default.export.spec.ts" timestamp="2025-10-27T10:01:06.721Z" hostname="LAPTOP-ATIIVP6V" tests="1" failures="0" errors="0" skipped="0" time="0.0970959">
        <testcase classname="test/index.default.export.spec.ts" name="default export is Fastify instance &gt; responds on /health" time="0.0917119">
        </testcase>
    </testsuite>
    <testsuite name="test/index.logger.options.spec.ts" timestamp="2025-10-27T10:01:06.723Z" hostname="LAPTOP-ATIIVP6V" tests="2" failures="0" errors="0" skipped="0" time="0.1082262">
        <testcase classname="test/index.logger.options.spec.ts" name="singleton app responds &gt; GET /health 200" time="0.0679298">
        </testcase>
        <testcase classname="test/index.logger.options.spec.ts" name="singleton app responds &gt; GET /api/v1/health 200" time="0.0029416">
        </testcase>
    </testsuite>
    <testsuite name="test/index.onerror.spec.ts" timestamp="2025-10-27T10:01:06.724Z" hostname="LAPTOP-ATIIVP6V" tests="1" failures="0" errors="0" skipped="0" time="0.0256143">
        <testcase classname="test/index.onerror.spec.ts" name="global error handler branch &gt; throws inside route -&gt; 500" time="0.0025944">
        </testcase>
    </testsuite>
    <testsuite name="test/index.registerShutdown.idempotent.spec.ts" timestamp="2025-10-27T10:01:06.724Z" hostname="LAPTOP-ATIIVP6V" tests="1" failures="0" errors="0" skipped="0" time="0.0051107">
        <testcase classname="test/index.registerShutdown.idempotent.spec.ts" name="registerShutdown idempotent &gt; does not register duplicate handlers" time="0.0015753">
        </testcase>
    </testsuite>
    <testsuite name="test/index.registerShutdown.spec.ts" timestamp="2025-10-27T10:01:06.725Z" hostname="LAPTOP-ATIIVP6V" tests="3" failures="0" errors="0" skipped="0" time="0.0150955">
        <testcase classname="test/index.registerShutdown.spec.ts" name="registerShutdown ในโหมดเทส: ปิด server แต่ไม่ exit &gt; ติดตั้งแฮนด์เลอร์สัญญาณครบและครั้งเดียว" time="0.0060179">
        </testcase>
        <testcase classname="test/index.registerShutdown.spec.ts" name="registerShutdown ในโหมดเทส: ปิด server แต่ไม่ exit &gt; SIGTERM: เรียก close แล้วไม่เรียก exit" time="0.0023861">
        </testcase>
        <testcase classname="test/index.registerShutdown.spec.ts" name="registerShutdown ในโหมดเทส: ปิด server แต่ไม่ exit &gt; SIGINT: เรียก close แล้วไม่เรียก exit" time="0.0020753">
        </testcase>
    </testsuite>
    <testsuite name="test/index.unhandled-rejection.spec.ts" timestamp="2025-10-27T10:01:06.725Z" hostname="LAPTOP-ATIIVP6V" tests="1" failures="0" errors="0" skipped="0" time="0.0457922">
        <testcase classname="test/index.unhandled-rejection.spec.ts" name="unhandledRejection branch &gt; captures and asserts the unhandledRejection without leaking listeners" time="0.0413221">
        </testcase>
    </testsuite>
    <testsuite name="test/logger.prod.branch.spec.ts" timestamp="2025-10-27T10:01:06.726Z" hostname="LAPTOP-ATIIVP6V" tests="1" failures="0" errors="0" skipped="0" time="0.1283415">
        <testcase classname="test/logger.prod.branch.spec.ts" name="app responds in production env" time="0.1223694">
        </testcase>
    </testsuite>
    <testsuite name="test/logger.test-branch.spec.ts" timestamp="2025-10-27T10:01:06.727Z" hostname="LAPTOP-ATIIVP6V" tests="1" failures="0" errors="0" skipped="0" time="0.1419324">
        <testcase classname="test/logger.test-branch.spec.ts" name="responds on /health under test env" time="0.0684047">
        </testcase>
    </testsuite>
    <testsuite name="test/login.demo.spec.ts" timestamp="2025-10-27T10:01:06.728Z" hostname="LAPTOP-ATIIVP6V" tests="3" failures="0" errors="0" skipped="0" time="0.1863496">
        <testcase classname="test/login.demo.spec.ts" name="login DEMO branches &gt; DEMO enabled + valid creds -&gt; 200" time="0.0907296">
        </testcase>
        <testcase classname="test/login.demo.spec.ts" name="login DEMO branches &gt; DEMO enabled + invalid DEMO_CREDS JSON -&gt; 401 (fallback ปกติ)" time="0.0237696">
        </testcase>
        <testcase classname="test/login.demo.spec.ts" name="login DEMO branches &gt; DEMO disabled -&gt; 401" time="0.0059624">
        </testcase>
    </testsuite>
    <testsuite name="test/login.error.500.spec.ts" timestamp="2025-10-27T10:01:06.729Z" hostname="LAPTOP-ATIIVP6V" tests="1" failures="0" errors="0" skipped="0" time="0.1458813">
        <testcase classname="test/login.error.500.spec.ts" name="login route 500 &gt; POST /api/v1/auth/login -&gt; 500 when service throws" time="0.0905473">
        </testcase>
    </testsuite>
    <testsuite name="test/login.jwt.env.secret.spec.ts" timestamp="2025-10-27T10:01:06.730Z" hostname="LAPTOP-ATIIVP6V" tests="1" failures="0" errors="0" skipped="0" time="0.1371156">
        <testcase classname="test/login.jwt.env.secret.spec.ts" name="login with JWT_SECRET in env &gt; POST /api/v1/auth/login -&gt; 200 uses env secret branch" time="0.1306776">
        </testcase>
    </testsuite>
    <testsuite name="test/login.jwt.secret.spec.ts" timestamp="2025-10-27T10:01:06.731Z" hostname="LAPTOP-ATIIVP6V" tests="2" failures="0" errors="0" skipped="0" time="0.1547188">
        <testcase classname="test/login.jwt.secret.spec.ts" name="login jwt secret branches &gt; fallback secret when JWT_SECRET is undefined" time="0.1254388">
        </testcase>
        <testcase classname="test/login.jwt.secret.spec.ts" name="login jwt secret branches &gt; use custom JWT_SECRET when defined" time="0.0223789">
        </testcase>
    </testsuite>
    <testsuite name="test/login.missing-fields.spec.ts" timestamp="2025-10-27T10:01:06.732Z" hostname="LAPTOP-ATIIVP6V" tests="2" failures="0" errors="0" skipped="0" time="0.1226823">
        <testcase classname="test/login.missing-fields.spec.ts" name="login validation single field missing &gt; missing username -&gt; 400" time="0.1111805">
        </testcase>
        <testcase classname="test/login.missing-fields.spec.ts" name="login validation single field missing &gt; missing password -&gt; 400" time="0.0045528">
        </testcase>
    </testsuite>
    <testsuite name="test/login.spec.ts" timestamp="2025-10-27T10:01:06.733Z" hostname="LAPTOP-ATIIVP6V" tests="2" failures="0" errors="0" skipped="0" time="0.0902673">
        <testcase classname="test/login.spec.ts" name="auth login &gt; 401 on invalid credentials" time="0.0550188">
        </testcase>
        <testcase classname="test/login.spec.ts" name="auth login &gt; 200 with token on valid credentials" time="0.0083982">
        </testcase>
    </testsuite>
    <testsuite name="test/login.validation.spec.ts" timestamp="2025-10-27T10:01:06.734Z" hostname="LAPTOP-ATIIVP6V" tests="2" failures="0" errors="0" skipped="0" time="0.1499683">
        <testcase classname="test/login.validation.spec.ts" name="login validation &gt; rejects empty body -&gt; 400" time="0.1359021">
        </testcase>
        <testcase classname="test/login.validation.spec.ts" name="login validation &gt; rejects wrong types -&gt; 400" time="0.0048875">
        </testcase>
    </testsuite>
    <testsuite name="test/notfound.spec.ts" timestamp="2025-10-27T10:01:06.735Z" hostname="LAPTOP-ATIIVP6V" tests="1" failures="0" errors="0" skipped="0" time="0.1360383">
        <testcase classname="test/notfound.spec.ts" name="not found &gt; GET /__missing__ -&gt; 404" time="0.1308011">
        </testcase>
    </testsuite>
    <testsuite name="test/readyz.spec.ts" timestamp="2025-10-27T10:01:06.736Z" hostname="LAPTOP-ATIIVP6V" tests="1" failures="0" errors="0" skipped="0" time="0.1291245">
        <testcase classname="test/readyz.spec.ts" name="ready &gt; GET /readyz 200" time="0.1219608">
        </testcase>
    </testsuite>
    <testsuite name="test/security.headers.spec.ts" timestamp="2025-10-27T10:01:06.737Z" hostname="LAPTOP-ATIIVP6V" tests="2" failures="0" errors="0" skipped="0" time="0.1313629">
        <testcase classname="test/security.headers.spec.ts" name="helmet + cors &gt; helmet sets common security headers" time="0.0894631">
        </testcase>
        <testcase classname="test/security.headers.spec.ts" name="helmet + cors &gt; CORS preflight returns 200/204" time="0.0044166">
        </testcase>
    </testsuite>
    <testsuite name="test/services.spec.ts" timestamp="2025-10-27T10:01:06.737Z" hostname="LAPTOP-ATIIVP6V" tests="2" failures="0" errors="0" skipped="0" time="0.0632453">
        <testcase classname="test/services.spec.ts" name="services direct &gt; truckService.getAllTrucks returns array" time="0.050268">
        </testcase>
        <testcase classname="test/services.spec.ts" name="services direct &gt; alertService.getAllAlerts returns array" time="0.0076685">
        </testcase>
    </testsuite>
    <testsuite name="test/startup.exit.branch.spec.ts" timestamp="2025-10-27T10:01:06.738Z" hostname="LAPTOP-ATIIVP6V" tests="1" failures="0" errors="0" skipped="0" time="0.0568961">
        <testcase classname="test/startup.exit.branch.spec.ts" name="start() failure branch calls exitFn &gt; covers exit branch without killing process" time="0.0480013">
        </testcase>
    </testsuite>
    <testsuite name="test/startup.failure.spec.ts" timestamp="2025-10-27T10:01:06.739Z" hostname="LAPTOP-ATIIVP6V" tests="1" failures="0" errors="0" skipped="0" time="0.0501987">
        <testcase classname="test/startup.failure.spec.ts" name="start() error path &gt; เรียก exit(1) เมื่อ listen ล้ม" time="0.0421424">
        </testcase>
    </testsuite>
    <testsuite name="test/startup.sigint.branch.spec.ts" timestamp="2025-10-27T10:01:06.741Z" hostname="LAPTOP-ATIIVP6V" tests="1" failures="0" errors="0" skipped="0" time="0.2037602">
        <testcase classname="test/startup.sigint.branch.spec.ts" name="SIGINT branch &gt; closes server on SIGINT" time="0.1993624">
        </testcase>
    </testsuite>
    <testsuite name="test/startup.sigterm.branch.spec.ts" timestamp="2025-10-27T10:01:06.741Z" hostname="LAPTOP-ATIIVP6V" tests="1" failures="0" errors="0" skipped="0" time="0.0077742">
        <testcase classname="test/startup.sigterm.branch.spec.ts" name="SIGTERM branch &gt; closes server on SIGTERM" time="0.0038819">
        </testcase>
    </testsuite>
    <testsuite name="test/startup.success.spec.ts" timestamp="2025-10-27T10:01:06.742Z" hostname="LAPTOP-ATIIVP6V" tests="2" failures="0" errors="0" skipped="0" time="0.060397">
        <testcase classname="test/startup.success.spec.ts" name="startup branches &gt; success path: listen resolves -&gt; not exit" time="0.0360316">
        </testcase>
        <testcase classname="test/startup.success.spec.ts" name="startup branches &gt; failure path: listen rejects -&gt; calls process.exit(1) (spied)" time="0.017987">
        </testcase>
    </testsuite>
    <testsuite name="test/stats.spec.ts" timestamp="2025-10-27T10:01:06.742Z" hostname="LAPTOP-ATIIVP6V" tests="1" failures="0" errors="0" skipped="0" time="0.2490536">
        <testcase classname="test/stats.spec.ts" name="GET /api/v1/stats &gt; returns 200 and expected keys" time="0.2394033">
        </testcase>
    </testsuite>
    <testsuite name="test/trucks.list.generic-500.spec.ts" timestamp="2025-10-27T10:01:06.743Z" hostname="LAPTOP-ATIIVP6V" tests="1" failures="0" errors="0" skipped="0" time="0.1874165">
        <testcase classname="test/trucks.list.generic-500.spec.ts" name="trucks list generic error -&gt; 500 &gt; returns 500 when prisma throws" time="0.1808887">
        </testcase>
    </testsuite>
    <testsuite name="test/trucks.post.generic-500.spec.ts" timestamp="2025-10-27T10:01:06.743Z" hostname="LAPTOP-ATIIVP6V" tests="1" failures="0" errors="0" skipped="0" time="0.1239696">
        <testcase classname="test/trucks.post.generic-500.spec.ts" name="trucks POST generic error -&gt; 500 &gt; returns 500 when prisma throws non-P2002" time="0.1183308">
        </testcase>
    </testsuite>
    <testsuite name="test/trucks.post.spec.ts" timestamp="2025-10-27T10:01:06.744Z" hostname="LAPTOP-ATIIVP6V" tests="2" failures="0" errors="0" skipped="0" time="0.1969488">
        <testcase classname="test/trucks.post.spec.ts" name="trucks POST &gt; create truck success (201 preferred)" time="0.1540962">
        </testcase>
        <testcase classname="test/trucks.post.spec.ts" name="trucks POST &gt; reject duplicate name (409)" time="0.0375963">
        </testcase>
    </testsuite>
    <testsuite name="test/trucks.query.asc.spec.ts" timestamp="2025-10-27T10:01:06.745Z" hostname="LAPTOP-ATIIVP6V" tests="1" failures="0" errors="0" skipped="0" time="0.1824084">
        <testcase classname="test/trucks.query.asc.spec.ts" name="trucks query asc branch &gt; GET /trucks with order=asc triggers asc branch" time="0.177551">
        </testcase>
    </testsuite>
    <testsuite name="test/trucks.query.defaults.spec.ts" timestamp="2025-10-27T10:01:06.746Z" hostname="LAPTOP-ATIIVP6V" tests="1" failures="0" errors="0" skipped="0" time="0.1366651">
        <testcase classname="test/trucks.query.defaults.spec.ts" name="trucks query defaults &gt; omit sort/order -&gt; 200 via default branch" time="0.1306971">
        </testcase>
    </testsuite>
    <testsuite name="test/trucks.query.invalid.spec.ts" timestamp="2025-10-27T10:01:06.747Z" hostname="LAPTOP-ATIIVP6V" tests="1" failures="0" errors="0" skipped="0" time="0.245985">
        <testcase classname="test/trucks.query.invalid.spec.ts" name="trucks query validation &gt; invalid page/limit/order -&gt; 400" time="0.1467117">
        </testcase>
    </testsuite>
    <testsuite name="test/trucks.query.order.only.spec.ts" timestamp="2025-10-27T10:01:06.747Z" hostname="LAPTOP-ATIIVP6V" tests="1" failures="0" errors="0" skipped="0" time="0.1165694">
        <testcase classname="test/trucks.query.order.only.spec.ts" name="trucks query order only &gt; defaults sort when only order=desc is provided" time="0.1096852">
        </testcase>
    </testsuite>
    <testsuite name="test/trucks.query.sort.invalid.spec.ts" timestamp="2025-10-27T10:01:06.748Z" hostname="LAPTOP-ATIIVP6V" tests="1" failures="0" errors="0" skipped="0" time="0.0964016">
        <testcase classname="test/trucks.query.sort.invalid.spec.ts" name="trucks query invalid sort &gt; sort invalid -&gt; 400" time="0.0908704">
        </testcase>
    </testsuite>
    <testsuite name="test/trucks.query.sort.only.spec.ts" timestamp="2025-10-27T10:01:06.748Z" hostname="LAPTOP-ATIIVP6V" tests="1" failures="0" errors="0" skipped="0" time="0.1604005">
        <testcase classname="test/trucks.query.sort.only.spec.ts" name="trucks query order-only uses default sort=name &gt; order=desc without sort =&gt; default sort=name with desc order" time="0.1295054">
        </testcase>
    </testsuite>
    <testsuite name="test/trucks.sort.createdAt.spec.ts" timestamp="2025-10-27T10:01:06.749Z" hostname="LAPTOP-ATIIVP6V" tests="1" failures="0" errors="0" skipped="0" time="0.2657638">
        <testcase classname="test/trucks.sort.createdAt.spec.ts" name="trucks sort=createdAt branch &gt; GET /api/v1/trucks?sort=createdAt&amp;order=asc -&gt; 200" time="0.2454112">
        </testcase>
    </testsuite>
    <testsuite name="test/trucks.sort.desc.spec.ts" timestamp="2025-10-27T10:01:06.749Z" hostname="LAPTOP-ATIIVP6V" tests="1" failures="0" errors="0" skipped="0" time="0.1332163">
        <testcase classname="test/trucks.sort.desc.spec.ts" name="trucks &gt; sorting desc branch" time="0.1288317">
        </testcase>
    </testsuite>
    <testsuite name="test/trucks.sort.updatedAt.spec.ts" timestamp="2025-10-27T10:01:06.751Z" hostname="LAPTOP-ATIIVP6V" tests="1" failures="0" errors="0" skipped="0" time="0.2083547">
        <testcase classname="test/trucks.sort.updatedAt.spec.ts" name="trucks sort=updatedAt branch &gt; GET /api/v1/trucks?sort=updatedAt&amp;order=asc -&gt; 200" time="0.199853">
        </testcase>
    </testsuite>
    <testsuite name="test/trucks.spec.ts" timestamp="2025-10-27T10:01:06.752Z" hostname="LAPTOP-ATIIVP6V" tests="2" failures="0" errors="0" skipped="0" time="0.1754618">
        <testcase classname="test/trucks.spec.ts" name="trucks &gt; list (GET /api/v1/trucks) returns array" time="0.0951527">
        </testcase>
        <testcase classname="test/trucks.spec.ts" name="trucks &gt; create unique name (POST /api/v1/trucks) -&gt; 201" time="0.0474462">
        </testcase>
    </testsuite>
    <testsuite name="test/types.usage.spec.ts" timestamp="2025-10-27T10:01:06.753Z" hostname="LAPTOP-ATIIVP6V" tests="1" failures="0" errors="0" skipped="0" time="0.0061461">
        <testcase classname="test/types.usage.spec.ts" name="type usage marker" time="0.0015442">
        </testcase>
    </testsuite>
    <testsuite name="test/userService.branches.last.spec.ts" timestamp="2025-10-27T10:01:06.753Z" hostname="LAPTOP-ATIIVP6V" tests="1" failures="0" errors="0" skipped="0" time="0.0100324">
        <testcase classname="test/userService.branches.last.spec.ts" name="login trims and rejects whitespace-only" time="0.003548">
        </testcase>
    </testsuite>
    <testsuite name="test/validation.spec.ts" timestamp="2025-10-27T10:01:06.754Z" hostname="LAPTOP-ATIIVP6V" tests="1" failures="0" errors="0" skipped="0" time="0.1744325">
        <testcase classname="test/validation.spec.ts" name="validation &gt; POST /trucks ชื่อว่าง -&gt; 400" time="0.1668921">
        </testcase>
    </testsuite>
    <testsuite name="test/unit/alertService.branches.spec.ts" timestamp="2025-10-27T10:01:06.754Z" hostname="LAPTOP-ATIIVP6V" tests="3" failures="0" errors="0" skipped="0" time="0.0113996">
        <testcase classname="test/unit/alertService.branches.spec.ts" name="alertService branches &gt; getAlertById returns null when missing" time="0.004018">
        </testcase>
        <testcase classname="test/unit/alertService.branches.spec.ts" name="alertService branches &gt; getAlertById returns a record when found" time="0.0013902">
        </testcase>
        <testcase classname="test/unit/alertService.branches.spec.ts" name="alertService branches &gt; createAlert success" time="0.0008234">
        </testcase>
    </testsuite>
    <testsuite name="test/unit/alertService.byid.unit.spec.ts" timestamp="2025-10-27T10:01:06.755Z" hostname="LAPTOP-ATIIVP6V" tests="2" failures="0" errors="0" skipped="0" time="0.0547459">
        <testcase classname="test/unit/alertService.byid.unit.spec.ts" name="alertService getAlertById &gt; คืน null เมื่อไม่พบ" time="0.0207144">
        </testcase>
        <testcase classname="test/unit/alertService.byid.unit.spec.ts" name="alertService getAlertById &gt; คืน object เมื่อมีจริง" time="0.0289533">
        </testcase>
    </testsuite>
    <testsuite name="test/unit/alertService.create.ref.spec.ts" timestamp="2025-10-27T10:01:06.756Z" hostname="LAPTOP-ATIIVP6V" tests="1" failures="0" errors="0" skipped="0" time="0.0076038">
        <testcase classname="test/unit/alertService.create.ref.spec.ts" name="alertService shape &gt; exports createAlert" time="0.0029081">
        </testcase>
    </testsuite>
    <testsuite name="test/unit/alertService.unit.spec.ts" timestamp="2025-10-27T10:01:06.756Z" hostname="LAPTOP-ATIIVP6V" tests="1" failures="0" errors="0" skipped="0" time="0.0092132">
        <testcase classname="test/unit/alertService.unit.spec.ts" name="alertService &gt; list alert ได้และ getAlertById คืน null เมื่อไม่มี" time="0.0043923">
        </testcase>
    </testsuite>
    <testsuite name="test/unit/alertService.update-delete.branches.spec.ts" timestamp="2025-10-27T10:01:06.757Z" hostname="LAPTOP-ATIIVP6V" tests="3" failures="0" errors="0" skipped="0" time="0.013477">
        <testcase classname="test/unit/alertService.update-delete.branches.spec.ts" name="alertService delete/update branches &gt; deleteAlert: returns false on P2025, true on success" time="0.0057803">
        </testcase>
        <testcase classname="test/unit/alertService.update-delete.branches.spec.ts" name="alertService delete/update branches &gt; updateAlert: returns null on P2025, trims/accepts string message" time="0.0014025">
        </testcase>
        <testcase classname="test/unit/alertService.update-delete.branches.spec.ts" name="alertService delete/update branches &gt; updateAlert: supports { message: { set } } and throws on empty" time="0.0013727">
        </testcase>
    </testsuite>
    <testsuite name="test/unit/statsService.branches.unit.spec.ts" timestamp="2025-10-27T10:01:06.759Z" hostname="LAPTOP-ATIIVP6V" tests="1" failures="0" errors="0" skipped="0" time="0.0162201">
        <testcase classname="test/unit/statsService.branches.unit.spec.ts" name="statsService branches &gt; covers range switches and caching" time="0.0095734">
        </testcase>
    </testsuite>
    <testsuite name="test/unit/truckService.branches.unit.spec.ts" timestamp="2025-10-27T10:01:06.760Z" hostname="LAPTOP-ATIIVP6V" tests="5" failures="0" errors="0" skipped="0" time="0.0381565">
        <testcase classname="test/unit/truckService.branches.unit.spec.ts" name="truckService branches &gt; getAllTrucksPaginated: default branch (sort/order ไม่ส่งค่า)" time="0.0049451">
        </testcase>
        <testcase classname="test/unit/truckService.branches.unit.spec.ts" name="truckService branches &gt; getAllTrucksPaginated: order &quot;desc&quot; branch" time="0.0177916">
        </testcase>
        <testcase classname="test/unit/truckService.branches.unit.spec.ts" name="truckService branches &gt; updateTruck: generic-error branch (non-P2002)" time="0.005365">
        </testcase>
        <testcase classname="test/unit/truckService.branches.unit.spec.ts" name="truckService branches &gt; deleteTruck: notfound branch" time="0.0014199">
        </testcase>
        <testcase classname="test/unit/truckService.branches.unit.spec.ts" name="truckService branches &gt; getTruckById: notfound branch" time="0.0007355">
        </testcase>
    </testsuite>
    <testsuite name="test/unit/truckService.delete.success.spec.ts" timestamp="2025-10-27T10:01:06.761Z" hostname="LAPTOP-ATIIVP6V" tests="1" failures="0" errors="0" skipped="0" time="0.0673618">
        <testcase classname="test/unit/truckService.delete.success.spec.ts" name="truckService.deleteTruck &gt; deletes existing and returns true" time="0.0631694">
        </testcase>
    </testsuite>
    <testsuite name="test/unit/truckService.notfound.unit.spec.ts" timestamp="2025-10-27T10:01:06.762Z" hostname="LAPTOP-ATIIVP6V" tests="2" failures="0" errors="0" skipped="0" time="0.0101572">
        <testcase classname="test/unit/truckService.notfound.unit.spec.ts" name="truckService notfound &gt; update ไม่พบ id + ส่ง string -&gt; throw" time="0.0039893">
        </testcase>
        <testcase classname="test/unit/truckService.notfound.unit.spec.ts" name="truckService notfound &gt; update ไม่พบ id + ส่ง object -&gt; คืน null" time="0.0017565">
        </testcase>
    </testsuite>
    <testsuite name="test/unit/truckService.sort.fallback.unit.spec.ts" timestamp="2025-10-27T10:01:06.763Z" hostname="LAPTOP-ATIIVP6V" tests="4" failures="0" errors="0" skipped="0" time="0.0276054">
        <testcase classname="test/unit/truckService.sort.fallback.unit.spec.ts" name="truckService sort/order branches &gt; maps sort=createdAt, order=asc" time="0.0150813">
        </testcase>
        <testcase classname="test/unit/truckService.sort.fallback.unit.spec.ts" name="truckService sort/order branches &gt; maps sort=updatedAt, order=asc" time="0.0030536">
        </testcase>
        <testcase classname="test/unit/truckService.sort.fallback.unit.spec.ts" name="truckService sort/order branches &gt; fallbacks unknown sort -&gt; id asc" time="0.0019672">
        </testcase>
        <testcase classname="test/unit/truckService.sort.fallback.unit.spec.ts" name="truckService sort/order branches &gt; fallbacks unknown order -&gt; asc" time="0.0020189">
        </testcase>
    </testsuite>
    <testsuite name="test/unit/truckService.unit.spec.ts" timestamp="2025-10-27T10:01:06.765Z" hostname="LAPTOP-ATIIVP6V" tests="4" failures="0" errors="0" skipped="0" time="0.0318039">
        <testcase classname="test/unit/truckService.unit.spec.ts" name="truckService &gt; createTruck success และ list ได้" time="0.0033576">
        </testcase>
        <testcase classname="test/unit/truckService.unit.spec.ts" name="truckService &gt; createTruck ซ้ำ -&gt; P2002" time="0.0035786">
        </testcase>
        <testcase classname="test/unit/truckService.unit.spec.ts" name="truckService &gt; pagination + sorting asc" time="0.0180444">
        </testcase>
        <testcase classname="test/unit/truckService.unit.spec.ts" name="truckService &gt; get/update/delete by id ครบ flow" time="0.0016254">
        </testcase>
    </testsuite>
    <testsuite name="test/unit/truckService.update.conflict.spec.ts" timestamp="2025-10-27T10:01:06.766Z" hostname="LAPTOP-ATIIVP6V" tests="1" failures="0" errors="0" skipped="0" time="0.0080697">
        <testcase classname="test/unit/truckService.update.conflict.spec.ts" name="truckService.update conflict &gt; อัปเดตชื่อซ้ำ -&gt; ควรคืนค่า null (handle P2002)" time="0.0033562">
        </testcase>
    </testsuite>
    <testsuite name="test/unit/truckService.update.error-branches.spec.ts" timestamp="2025-10-27T10:01:06.766Z" hostname="LAPTOP-ATIIVP6V" tests="2" failures="0" errors="0" skipped="0" time="0.1563682">
        <testcase classname="test/unit/truckService.update.error-branches.spec.ts" name="truckService.updateTruck branches &gt; returns null when target not found (object payload variant)" time="0.017783">
        </testcase>
        <testcase classname="test/unit/truckService.update.error-branches.spec.ts" name="truckService.updateTruck branches &gt; handles conflict (P2002) and returns null" time="0.1301644">
        </testcase>
    </testsuite>
    <testsuite name="test/unit/truckService.update.unknown-error.spec.ts" timestamp="2025-10-27T10:01:06.767Z" hostname="LAPTOP-ATIIVP6V" tests="1" failures="0" errors="0" skipped="0" time="0.0177482">
        <testcase classname="test/unit/truckService.update.unknown-error.spec.ts" name="truckService.updateTruck unknown error path &gt; throws an Error(&quot;Unknown error&quot;) when err is not serializable" time="0.0060702">
        </testcase>
    </testsuite>
    <testsuite name="test/unit/userService.branches.extra.spec.ts" timestamp="2025-10-27T10:01:06.767Z" hostname="LAPTOP-ATIIVP6V" tests="1" failures="0" errors="0" skipped="0" time="0.0073188">
        <testcase classname="test/unit/userService.branches.extra.spec.ts" name="userService extra branches &gt; normalize username (trim + lowercase)" time="0.0029912">
        </testcase>
    </testsuite>
    <testsuite name="test/unit/userService.branches.full.spec.ts" timestamp="2025-10-27T10:01:06.768Z" hostname="LAPTOP-ATIIVP6V" tests="4" failures="0" errors="0" skipped="0" time="0.0105859">
        <testcase classname="test/unit/userService.branches.full.spec.ts" name="userService branches full &gt; trim/normalize username" time="0.0035982">
        </testcase>
        <testcase classname="test/unit/userService.branches.full.spec.ts" name="userService branches full &gt; wrong password branch" time="0.0006379">
        </testcase>
        <testcase classname="test/unit/userService.branches.full.spec.ts" name="userService branches full &gt; unknown user branch" time="0.0004226">
        </testcase>
        <testcase classname="test/unit/userService.branches.full.spec.ts" name="userService branches full &gt; non-string inputs branch" time="0.0004414">
        </testcase>
    </testsuite>
    <testsuite name="test/unit/userService.branches.unit.spec.ts" timestamp="2025-10-27T10:01:06.770Z" hostname="LAPTOP-ATIIVP6V" tests="2" failures="0" errors="0" skipped="0" time="0.0082575">
        <testcase classname="test/unit/userService.branches.unit.spec.ts" name="userService branches &gt; invalid username + valid password -&gt; null" time="0.0028409">
        </testcase>
        <testcase classname="test/unit/userService.branches.unit.spec.ts" name="userService branches &gt; valid username + invalid password -&gt; null" time="0.0006024">
        </testcase>
    </testsuite>
    <testsuite name="test/unit/userService.coverage.spec.ts" timestamp="2025-10-27T10:01:06.771Z" hostname="LAPTOP-ATIIVP6V" tests="5" failures="0" errors="0" skipped="0" time="0.0106461">
        <testcase classname="test/unit/userService.coverage.spec.ts" name="userService branches full &gt; unknown user -&gt; null" time="0.0031143">
        </testcase>
        <testcase classname="test/unit/userService.coverage.spec.ts" name="userService branches full &gt; password mismatch -&gt; null" time="0.0008141">
        </testcase>
        <testcase classname="test/unit/userService.coverage.spec.ts" name="userService branches full &gt; admin ok -&gt; role admin" time="0.0006857">
        </testcase>
        <testcase classname="test/unit/userService.coverage.spec.ts" name="userService branches full &gt; non-admin username -&gt; null" time="0.0004202">
        </testcase>
        <testcase classname="test/unit/userService.coverage.spec.ts" name="userService branches full &gt; trimming/case branch" time="0.0003919">
        </testcase>
    </testsuite>
    <testsuite name="test/unit/userService.edges.spec.ts" timestamp="2025-10-27T10:01:06.772Z" hostname="LAPTOP-ATIIVP6V" tests="3" failures="0" errors="0" skipped="0" time="0.0095213">
        <testcase classname="test/unit/userService.edges.spec.ts" name="userService edge cases &gt; trims spaces in username and password" time="0.0031418">
        </testcase>
        <testcase classname="test/unit/userService.edges.spec.ts" name="userService edge cases &gt; accepts case-insensitive username" time="0.0006106">
        </testcase>
        <testcase classname="test/unit/userService.edges.spec.ts" name="userService edge cases &gt; rejects password mismatch" time="0.0003356">
        </testcase>
    </testsuite>
    <testsuite name="test/unit/userService.extra-branch.spec.ts" timestamp="2025-10-27T10:01:06.773Z" hostname="LAPTOP-ATIIVP6V" tests="1" failures="0" errors="0" skipped="0" time="0.0083417">
        <testcase classname="test/unit/userService.extra-branch.spec.ts" name="userService extra branches &gt; returns null for unknown user" time="0.0025684">
        </testcase>
    </testsuite>
    <testsuite name="test/unit/userService.jwt-secret.spec.ts" timestamp="2025-10-27T10:01:06.774Z" hostname="LAPTOP-ATIIVP6V" tests="9" failures="0" errors="0" skipped="0" time="0.0120742">
        <testcase classname="test/unit/userService.jwt-secret.spec.ts" name="resolveJwtSecret &gt; uses process.env by default" time="0.0032526">
        </testcase>
        <testcase classname="test/unit/userService.jwt-secret.spec.ts" name="resolveJwtSecret &gt; returns expected for {}" time="0.0006207">
        </testcase>
        <testcase classname="test/unit/userService.jwt-secret.spec.ts" name="resolveJwtSecret &gt; returns expected for {&quot;JWT_SECRET&quot;:&quot;&quot;}" time="0.0002553">
        </testcase>
        <testcase classname="test/unit/userService.jwt-secret.spec.ts" name="resolveJwtSecret &gt; returns expected for {&quot;JWT_SECRET&quot;:&quot;   &quot;}" time="0.0002385">
        </testcase>
        <testcase classname="test/unit/userService.jwt-secret.spec.ts" name="resolveJwtSecret &gt; returns expected for {&quot;JWT_SECRET&quot;:&quot;abc&quot;}" time="0.0002296">
        </testcase>
        <testcase classname="test/unit/userService.jwt-secret.spec.ts" name="resolveJwtSecret &gt; returns expected for {&quot;JWT_SECRET&quot;:&quot;  abc  &quot;}" time="0.000275">
        </testcase>
        <testcase classname="test/unit/userService.jwt-secret.spec.ts" name="resolveJwtSecret &gt; returns expected for {&quot;JWT_SECRET&quot;:&quot;0&quot;}" time="0.0001978">
        </testcase>
        <testcase classname="test/unit/userService.jwt-secret.spec.ts" name="resolveJwtSecret &gt; returns expected for {&quot;JWT_SECRET&quot;:&quot;false&quot;}" time="0.000144">
        </testcase>
        <testcase classname="test/unit/userService.jwt-secret.spec.ts" name="resolveJwtSecret &gt; does not mutate provided env object" time="0.0015037">
        </testcase>
    </testsuite>
    <testsuite name="test/unit/userService.password-mismatch.unit.spec.ts" timestamp="2025-10-27T10:01:06.777Z" hostname="LAPTOP-ATIIVP6V" tests="1" failures="0" errors="0" skipped="0" time="0.007814">
        <testcase classname="test/unit/userService.password-mismatch.unit.spec.ts" name="userService password mismatch &gt; returns null when password mismatch" time="0.0027872">
        </testcase>
    </testsuite>
    <testsuite name="test/unit/userService.remaining.spec.ts" timestamp="2025-10-27T10:01:06.777Z" hostname="LAPTOP-ATIIVP6V" tests="5" failures="0" errors="0" skipped="0" time="0.0152068">
        <testcase classname="test/unit/userService.remaining.spec.ts" name="userService remaining branches &gt; isDemoLoginAllowed: ค่าเริ่มต้น = true และ parse on/off ถูกต้อง" time="0.0034513">
        </testcase>
        <testcase classname="test/unit/userService.remaining.spec.ts" name="userService remaining branches &gt; readDemoCreds: ไม่มี -&gt; ดีฟอลต์, รูปแบบรองรับ -&gt; override, รูปแบบไม่รองรับ/พัง/ว่าง -&gt; ดีฟอลต์" time="0.0035542">
        </testcase>
        <testcase classname="test/unit/userService.remaining.spec.ts" name="userService remaining branches &gt; toPublicUser: ตัดฟิลด์ลับออก เหลือเฉพาะ id/username/role" time="0.0009975">
        </testcase>
        <testcase classname="test/unit/userService.remaining.spec.ts" name="userService remaining branches &gt; isAdmin: true/false ตาม role" time="0.0007336">
        </testcase>
        <testcase classname="test/unit/userService.remaining.spec.ts" name="userService remaining branches &gt; resolveJwtSecret: มี JWT_SECRET ใช้ค่านั้น ไม่มีก็คืน fallback" time="0.0012341">
        </testcase>
    </testsuite>
    <testsuite name="test/unit/userService.roles.unit.spec.ts" timestamp="2025-10-27T10:01:06.779Z" hostname="LAPTOP-ATIIVP6V" tests="4" failures="0" errors="0" skipped="0" time="0.0093885">
        <testcase classname="test/unit/userService.roles.unit.spec.ts" name="userService branches &gt; returns null for unknown user" time="0.0030139">
        </testcase>
        <testcase classname="test/unit/userService.roles.unit.spec.ts" name="userService branches &gt; returns null for password mismatch" time="0.000595">
        </testcase>
        <testcase classname="test/unit/userService.roles.unit.spec.ts" name="userService branches &gt; returns user for valid admin/password" time="0.0005232">
        </testcase>
        <testcase classname="test/unit/userService.roles.unit.spec.ts" name="userService branches &gt; covers non-admin path when present" time="0.0005495">
        </testcase>
    </testsuite>
    <testsuite name="test/unit/userService.unit.spec.ts" timestamp="2025-10-27T10:01:06.781Z" hostname="LAPTOP-ATIIVP6V" tests="2" failures="0" errors="0" skipped="0" time="0.0222633">
        <testcase classname="test/unit/userService.unit.spec.ts" name="userService.login &gt; reject invalid" time="0.0127813">
        </testcase>
        <testcase classname="test/unit/userService.unit.spec.ts" name="userService.login &gt; accept admin/password when demo enabled" time="0.0040105">
        </testcase>
    </testsuite>
</testsuites>
